// Jest Snapshot v1, https://goo.gl/fbAQLP

exports[`footer page renders correctly 1`] = `
<div
  className="footer"
>
  <h2>
    Bookshop 2023Â©
  </h2>
</div>
`;
